
> vyom_next@0.1.0 build
> next build

'next' is not recognized as an internal or external command,
operable program or batch file.
